###############################################################################
#
# IAR ELF Linker V7.50.2.10312/W32 for ARM                16/Oct/2016  09:54:22
# Copyright 2007-2015 IAR Systems AB.
#
#    Output file  =  
#        C:\stm_projects\disco_tim2\EWARM\disco_tim2\Exe\disco_tim2.out
#    Map file     =  
#        C:\stm_projects\disco_tim2\EWARM\disco_tim2\List\disco_tim2.map
#    Command line =  
#        C:\stm_projects\disco_tim2\EWARM\disco_tim2\Obj\main.o
#        C:\stm_projects\disco_tim2\EWARM\disco_tim2\Obj\startup_stm32f429xx.o
#        C:\stm_projects\disco_tim2\EWARM\disco_tim2\Obj\stm32f4xx_hal.o
#        C:\stm_projects\disco_tim2\EWARM\disco_tim2\Obj\stm32f4xx_hal_cortex.o
#        C:\stm_projects\disco_tim2\EWARM\disco_tim2\Obj\stm32f4xx_hal_dma.o
#        C:\stm_projects\disco_tim2\EWARM\disco_tim2\Obj\stm32f4xx_hal_dma_ex.o
#        C:\stm_projects\disco_tim2\EWARM\disco_tim2\Obj\stm32f4xx_hal_flash.o
#        C:\stm_projects\disco_tim2\EWARM\disco_tim2\Obj\stm32f4xx_hal_flash_ex.o
#        C:\stm_projects\disco_tim2\EWARM\disco_tim2\Obj\stm32f4xx_hal_flash_ramfunc.o
#        C:\stm_projects\disco_tim2\EWARM\disco_tim2\Obj\stm32f4xx_hal_gpio.o
#        C:\stm_projects\disco_tim2\EWARM\disco_tim2\Obj\stm32f4xx_hal_msp.o
#        C:\stm_projects\disco_tim2\EWARM\disco_tim2\Obj\stm32f4xx_hal_pwr.o
#        C:\stm_projects\disco_tim2\EWARM\disco_tim2\Obj\stm32f4xx_hal_pwr_ex.o
#        C:\stm_projects\disco_tim2\EWARM\disco_tim2\Obj\stm32f4xx_hal_rcc.o
#        C:\stm_projects\disco_tim2\EWARM\disco_tim2\Obj\stm32f4xx_hal_rcc_ex.o
#        C:\stm_projects\disco_tim2\EWARM\disco_tim2\Obj\stm32f4xx_hal_tim.o
#        C:\stm_projects\disco_tim2\EWARM\disco_tim2\Obj\stm32f4xx_hal_tim_ex.o
#        C:\stm_projects\disco_tim2\EWARM\disco_tim2\Obj\stm32f4xx_it.o
#        C:\stm_projects\disco_tim2\EWARM\disco_tim2\Obj\system_stm32f4xx.o
#        --redirect _Printf=_PrintfFull --redirect _Scanf=_ScanfFull -o
#        C:\stm_projects\disco_tim2\EWARM\disco_tim2\Exe\disco_tim2.out --map
#        C:\stm_projects\disco_tim2\EWARM\disco_tim2\List\disco_tim2.map
#        --config C:\stm_projects\disco_tim2\EWARM/stm32f429xx_flash.icf
#        --semihosting --entry __iar_program_start --vfe
#
###############################################################################

*******************************************************************************
*** RUNTIME MODEL ATTRIBUTES
***

CppFlavor                     = *
__Heap_Handler                = Basic
__SystemLibrary               = DLib
__dlib_dynamic_initialization = normal


*******************************************************************************
*** PLACEMENT SUMMARY
***

"A1":  place at 0x08000000 { ro section .intvec };
"P1":  place in [from 0x08000000 to 0x081fffff] { ro };
"P2":  place in [from 0x20000000 to 0x2002ffff] { rw, block CSTACK, block HEAP };

  Section             Kind        Address    Size  Object
  -------             ----        -------    ----  ------
"A1":                                       0x1ac
  .intvec             ro code  0x08000000   0x1ac  startup_stm32f429xx.o [1]
                             - 0x080001ac   0x1ac

"P1":                                      0x38b6
  .text               ro code  0x080001ac  0x1166  xprintffull.o [3]
  .text               ro code  0x08001312    0x20  xmbtowc.o [3]
  .text               ro code  0x08001334    0x16  strchr.o [5]
  .text               ro code  0x0800134c    0x36  strlen.o [5]
  .text               ro code  0x08001384    0x58  memchr.o [5]
  .text               ro code  0x080013dc     0xa  xmbcurmax.o [3]
  .text               ro code  0x080013e8    0xb0  xxmemxmalloc.o [3]
  .text               ro code  0x08001498    0x1a  xwctomb.o [3]
  .text               ro code  0x080014b4    0x76  ABImemcpy_unaligned.o [5]
  .text               ro code  0x0800152c    0x80  xxmemxfree.o [3]
  .text               ro code  0x080015ac    0xee  I64DivMod.o [5]
  .text               ro code  0x0800169a    0x42  xdnorm.o [4]
  .text               ro code  0x080016dc    0x2e  DblCmpLe.o [4]
  .text               ro code  0x0800170c    0x2e  DblCmpGe.o [4]
  .text               ro code  0x0800173c   0x114  xdscale.o [4]
  .text               ro code  0x08001850    0x58  DblToI32.o [4]
  .text               ro code  0x080018a8    0x30  I32ToDbl.o [4]
  .text               ro code  0x080018d8   0x180  DblSub.o [4]
  .text               ro code  0x08001a58   0x1a2  DblMul.o [4]
  .text               ro code  0x08001bfc   0x256  DblDiv.o [4]
  .text               ro code  0x08001e54    0x6c  localeconv.o [3]
  .text               ro code  0x08001ec0     0xe  div.o [3]
  .text               ro code  0x08001ed0    0x14  setlocale.o [3]
  .text               ro code  0x08001ee4    0x60  xencoding_sb.o [3]
  .text               ro code  0x08001f44    0x2c  xgetmemchunk.o [3]
  .text               ro code  0x08001f70     0x2  I64DivZer.o [5]
  .text               ro code  0x08001f74    0xd4  DblAdd.o [4]
  .text               ro code  0x08002048     0x2  xtls.o [3]
  .text               ro code  0x0800204c   0x408  stm32f4xx_hal_rcc.o [1]
  .text               ro code  0x08002454    0x88  stm32f4xx_hal.o [1]
  .text               ro code  0x080024dc    0xe2  stm32f4xx_hal_cortex.o [1]
  .text               ro code  0x080025c0    0xd0  stm32f4xx_hal_msp.o [1]
  .text               ro code  0x08002690   0x3d2  stm32f4xx_hal_tim.o [1]
  .text               ro code  0x08002a64    0x4e  stm32f4xx_hal_tim_ex.o [1]
  .text               ro code  0x08002ab4   0x22e  stm32f4xx_hal_gpio.o [1]
  .text               ro code  0x08002ce4   0x22c  main.o [1]
  .text               ro code  0x08002f10    0x24  printf.o [3]
  .text               ro code  0x08002f34    0x74  stm32f4xx_hal_pwr_ex.o [1]
  .text               ro code  0x08002fa8    0xe0  XShHandles.o [3]
  .text               ro code  0x08003088    0xd6  xfspos.o [3]
  .text               ro code  0x08003160    0xb0  fflush.o [3]
  .text               ro code  0x08003210     0xa  xfgpos.o [3]
  .text               ro code  0x0800321a    0x4c  lseek.o [6]
  .text               ro code  0x08003268     0xc  errno.o [3]
  .text               ro code  0x08003274     0x4  xsyslock_nop.o [3]
  .text               ro code  0x08003278    0x10  write.o [6]
  .text               ro code  0x08003288    0x1e  dwrite.o [6]
  .text               ro code  0x080032a6    0x20  iarwstd.o [6]
  .text               ro code  0x080032c6    0x22  iarwrite.o [6]
  .text               ro code  0x080032e8    0x6c  iarttio.o [6]
  .text               ro code  0x08003354     0x8  XShttio.o [3]
  .text               ro code  0x0800335c    0xb6  xfwprep.o [3]
  .text               ro code  0x08003412    0x22  fseek.o [3]
  .text               ro code  0x08003434    0xb4  stm32f4xx_it.o [1]
  .text               ro code  0x080034e8    0x7c  xfofind.o [3]
  .text               ro code  0x08003564    0x7a  fclose.o [3]
  .text               ro code  0x080035de    0x1a  close.o [6]
  .text               ro code  0x080035f8    0x16  remove.o [6]
  .text               ro code  0x08003610    0x58  xcloseall.o [3]
  .text               ro code  0x08003668    0x56  fputc.o [3]
  .text               ro code  0x080036c0    0x50  system_stm32f4xx.o [1]
  .text               ro code  0x08003710    0x40  zero_init3.o [5]
  .text               ro code  0x08003750    0x38  packbits_init_single.o [5]
  .text               ro code  0x08003788    0x28  data_init.o [5]
  .text               ro code  0x080037b0    0x22  fpinit_M.o [4]
  .iar.init_table     const    0x080037d4    0x20  - Linker created -
  .text               ro code  0x080037f4    0x1a  cmain.o [5]
  .text               ro code  0x0800380e     0x4  low_level_init.o [3]
  .text               ro code  0x08003812     0x4  exit.o [3]
  .text               ro code  0x08003818     0xe  cexit.o [5]
  .text               ro code  0x08003828    0x14  exit.o [6]
  .text               ro code  0x0800383c    0x16  xprout.o [3]
  .text               ro code  0x08003854     0xc  putchar.o [3]
  .text               ro code  0x08003860    0x10  startup_stm32f429xx.o [1]
  .text               ro code  0x08003870     0xc  cstartup_M.o [5]
  .text               ro code  0x0800387c     0x4  startup_stm32f429xx.o [1]
  .text               ro code  0x08003880     0x4  startup_stm32f429xx.o [1]
  .text               ro code  0x08003884     0x4  startup_stm32f429xx.o [1]
  .text               ro code  0x08003888     0x4  startup_stm32f429xx.o [1]
  .text               ro code  0x0800388c     0x4  startup_stm32f429xx.o [1]
  .text               ro code  0x08003890     0x4  startup_stm32f429xx.o [1]
  .text               ro code  0x08003894     0x4  startup_stm32f429xx.o [1]
  .text               ro code  0x08003898     0x4  startup_stm32f429xx.o [1]
  .text               ro code  0x0800389c     0x4  startup_stm32f429xx.o [1]
  .text               ro code  0x080038a0     0x4  startup_stm32f429xx.o [1]
  .text               ro code  0x080038a4     0x4  startup_stm32f429xx.o [1]
  .text               ro code  0x080038a8     0x4  startup_stm32f429xx.o [1]
  .text               ro code  0x080038ac     0x4  startup_stm32f429xx.o [1]
  .text               ro code  0x080038b0     0x4  startup_stm32f429xx.o [1]
  .text               ro code  0x080038b4     0x4  startup_stm32f429xx.o [1]
  .text               ro code  0x080038b8     0x4  startup_stm32f429xx.o [1]
  .text               ro code  0x080038bc     0x4  startup_stm32f429xx.o [1]
  .text               ro code  0x080038c0     0x4  startup_stm32f429xx.o [1]
  .text               ro code  0x080038c4     0x4  startup_stm32f429xx.o [1]
  .text               ro code  0x080038c8     0x4  startup_stm32f429xx.o [1]
  .text               ro code  0x080038cc     0x4  startup_stm32f429xx.o [1]
  .text               ro code  0x080038d0     0x4  startup_stm32f429xx.o [1]
  .text               ro code  0x080038d4     0x4  startup_stm32f429xx.o [1]
  .text               ro code  0x080038d8     0x4  startup_stm32f429xx.o [1]
  .text               ro code  0x080038dc     0x4  startup_stm32f429xx.o [1]
  .text               ro code  0x080038e0     0x4  startup_stm32f429xx.o [1]
  .text               ro code  0x080038e4     0x4  startup_stm32f429xx.o [1]
  .text               ro code  0x080038e8     0x4  startup_stm32f429xx.o [1]
  .text               ro code  0x080038ec     0x4  startup_stm32f429xx.o [1]
  .text               ro code  0x080038f0     0x4  startup_stm32f429xx.o [1]
  .text               ro code  0x080038f4     0x4  startup_stm32f429xx.o [1]
  .text               ro code  0x080038f8     0x4  startup_stm32f429xx.o [1]
  .text               ro code  0x080038fc     0x4  startup_stm32f429xx.o [1]
  .text               ro code  0x08003900     0x4  startup_stm32f429xx.o [1]
  .text               ro code  0x08003904     0x4  startup_stm32f429xx.o [1]
  .text               ro code  0x08003908     0x4  startup_stm32f429xx.o [1]
  .text               ro code  0x0800390c     0x4  startup_stm32f429xx.o [1]
  .text               ro code  0x08003910     0x4  startup_stm32f429xx.o [1]
  .text               ro code  0x08003914     0x4  startup_stm32f429xx.o [1]
  .text               ro code  0x08003918     0x4  startup_stm32f429xx.o [1]
  .text               ro code  0x0800391c     0x4  startup_stm32f429xx.o [1]
  .text               ro code  0x08003920     0x4  startup_stm32f429xx.o [1]
  .text               ro code  0x08003924     0x4  startup_stm32f429xx.o [1]
  .text               ro code  0x08003928     0x4  startup_stm32f429xx.o [1]
  .text               ro code  0x0800392c     0x4  startup_stm32f429xx.o [1]
  .text               ro code  0x08003930     0x4  startup_stm32f429xx.o [1]
  .text               ro code  0x08003934     0x4  startup_stm32f429xx.o [1]
  .text               ro code  0x08003938     0x4  startup_stm32f429xx.o [1]
  .text               ro code  0x0800393c     0x4  startup_stm32f429xx.o [1]
  .text               ro code  0x08003940     0x4  startup_stm32f429xx.o [1]
  .text               ro code  0x08003944     0x4  startup_stm32f429xx.o [1]
  .text               ro code  0x08003948     0x4  startup_stm32f429xx.o [1]
  .text               ro code  0x0800394c     0x4  startup_stm32f429xx.o [1]
  .text               ro code  0x08003950     0x4  startup_stm32f429xx.o [1]
  .text               ro code  0x08003954     0x4  startup_stm32f429xx.o [1]
  .text               ro code  0x08003958     0x4  startup_stm32f429xx.o [1]
  .text               ro code  0x0800395c     0x4  startup_stm32f429xx.o [1]
  .text               ro code  0x08003960     0x4  startup_stm32f429xx.o [1]
  .text               ro code  0x08003964     0x4  startup_stm32f429xx.o [1]
  .text               ro code  0x08003968     0x4  startup_stm32f429xx.o [1]
  .text               ro code  0x0800396c     0x4  startup_stm32f429xx.o [1]
  .text               ro code  0x08003970     0x4  startup_stm32f429xx.o [1]
  .text               ro code  0x08003974     0x4  startup_stm32f429xx.o [1]
  .text               ro code  0x08003978     0x4  startup_stm32f429xx.o [1]
  .text               ro code  0x0800397c     0x4  startup_stm32f429xx.o [1]
  .text               ro code  0x08003980     0x4  startup_stm32f429xx.o [1]
  .text               ro code  0x08003984     0x4  startup_stm32f429xx.o [1]
  .text               ro code  0x08003988     0x4  startup_stm32f429xx.o [1]
  .text               ro code  0x0800398c     0x4  startup_stm32f429xx.o [1]
  .text               ro code  0x08003990     0x4  startup_stm32f429xx.o [1]
  .text               ro code  0x08003994     0x4  startup_stm32f429xx.o [1]
  .text               ro code  0x08003998     0x4  startup_stm32f429xx.o [1]
  .text               ro code  0x0800399c     0x4  startup_stm32f429xx.o [1]
  .text               ro code  0x080039a0     0x4  startup_stm32f429xx.o [1]
  .text               ro code  0x080039a4     0x4  startup_stm32f429xx.o [1]
  .text               ro code  0x080039a8     0x4  startup_stm32f429xx.o [1]
  .text               ro code  0x080039ac     0x4  startup_stm32f429xx.o [1]
  .text               ro code  0x080039b0     0x4  startup_stm32f429xx.o [1]
  .text               ro code  0x080039b4     0x4  startup_stm32f429xx.o [1]
  .text               ro code  0x080039b8     0x4  startup_stm32f429xx.o [1]
  .text               ro code  0x080039bc     0x4  startup_stm32f429xx.o [1]
  .text               ro code  0x080039c0     0x4  startup_stm32f429xx.o [1]
  .text               ro code  0x080039c4     0x4  startup_stm32f429xx.o [1]
  .text               ro code  0x080039c8     0x4  startup_stm32f429xx.o [1]
  .text               ro code  0x080039cc     0x4  startup_stm32f429xx.o [1]
  .text               ro code  0x080039d0     0x4  startup_stm32f429xx.o [1]
  .text               ro code  0x080039d4     0x4  startup_stm32f429xx.o [1]
  .text               ro code  0x080039d8     0x0  cstart_closeall.o [5]
  .rodata             const    0x080039d8     0x0  zero_init3.o [5]
  .rodata             const    0x080039d8     0x0  packbits_init_single.o [5]
  Initializer bytes   const    0x080039d8    0x8a  <for P2-1>
                             - 0x08003a62  0x38b6

"P2", part 1 of 3:                          0x1ec
  P2-1                         0x20000000   0x1ec  <Init block>
    .data             inited   0x20000000     0x4  system_stm32f4xx.o [1]
    .data             inited   0x20000004    0x40  xfiles.o [3]
    .data             inited   0x20000044    0x40  xfiles.o [3]
    .data             inited   0x20000084    0x40  xfiles.o [3]
    .data             inited   0x200000c4    0x20  xfiles.o [3]
    .data             inited   0x200000e4     0x8  XShttio.o [3]
    __DLIB_PERTHREAD  inited   0x200000ec    0x88  localeconv.o [3]
    __DLIB_PERTHREAD  inited   0x20000174    0x74  setlocale.o [3]
    __DLIB_PERTHREAD  inited   0x200001e8     0x4  errno.o [3]
                             - 0x200001ec   0x1ec

"P2", part 2 of 3:                          0x600
  CSTACK                       0x200001f0   0x400  <Block>
    CSTACK            uninit   0x200001f0   0x400  <Block tail>
  HEAP                         0x200005f0   0x200  <Block>
    HEAP              uninit   0x200005f0   0x200  <Block tail>
                             - 0x200007f0   0x600

"P2", part 3 of 3:                          0x1ac
  .bss                zero     0x200007f0    0x80  XShHandles.o [3]
  .bss                zero     0x20000870    0x78  main.o [1]
  .bss                zero     0x200008e8    0x50  xfiles.o [3]
  .bss                zero     0x20000938    0x50  xfiles.o [3]
  .bss                zero     0x20000988     0x8  xxmemxmalloc.o [3]
  .bss                zero     0x20000990     0x4  stm32f4xx_hal.o [1]
  .bss                zero     0x20000994     0x4  stm32f4xx_it.o [1]
  .bss                zero     0x20000998     0x4  xgetmemchunk.o [3]
                             - 0x2000099c   0x1ac


*******************************************************************************
*** INIT TABLE
***

          Address     Size
          -------     ----
Zero (__iar_zero_init3)
    1 destination range, total size 0x1ac:
          0x200007f0  0x1ac

Copy/packbits (__iar_packbits_init_single3)
    1 source range, total size 0x8a (28% of destination):
          0x080039d8   0x8a
    1 destination range, total size 0x1ec:
          0x20000000  0x1ec



*******************************************************************************
*** MODULE SUMMARY
***

    Module                  ro code  ro data  rw data
    ------                  -------  -------  -------
C:\stm_projects\disco_tim2\EWARM\disco_tim2\Obj: [1]
    main.o                      556               120
    startup_stm32f429xx.o       792
    stm32f4xx_hal.o             136                 4
    stm32f4xx_hal_cortex.o      226
    stm32f4xx_hal_gpio.o        558
    stm32f4xx_hal_msp.o         208
    stm32f4xx_hal_pwr_ex.o      116
    stm32f4xx_hal_rcc.o       1 032
    stm32f4xx_hal_tim.o         978
    stm32f4xx_hal_tim_ex.o       78
    stm32f4xx_it.o              180                 4
    system_stm32f4xx.o           80        1        4
    -------------------------------------------------
    Total:                    4 940        1      132

command line: [2]
    -------------------------------------------------
    Total:

dl7M_tlf.a: [3]
    XShHandles.o                224               128
    XShttio.o                     8        3        8
    div.o                        14
    errno.o                      12        2        4
    exit.o                        4
    fclose.o                    122
    fflush.o                    176
    fputc.o                      86
    fseek.o                      34
    localeconv.o                108       38      136
    low_level_init.o              4
    printf.o                     36
    putchar.o                    12
    setlocale.o                  20       32      116
    xcloseall.o                  88
    xencoding_sb.o               96
    xfgpos.o                     10
    xfiles.o                              62      384
    xfofind.o                   124
    xfspos.o                    214
    xfwprep.o                   182
    xgetmemchunk.o               44                 4
    xmbcurmax.o                  10
    xmbtowc.o                    32
    xprintffull.o             4 454
    xprout.o                     22
    xsyslock_nop.o                4
    xtls.o                        2
    xwctomb.o                    26
    xxmemxfree.o                128
    xxmemxmalloc.o              176                 8
    -------------------------------------------------
    Total:                    6 472      137      788

m7M_tls.a: [4]
    DblAdd.o                    212
    DblCmpGe.o                   46
    DblCmpLe.o                   46
    DblDiv.o                    598
    DblMul.o                    418
    DblSub.o                    384
    DblToI32.o                   88
    I32ToDbl.o                   48
    fpinit_M.o                   34
    xdnorm.o                     66
    xdscale.o                   276
    -------------------------------------------------
    Total:                    2 216

rt7M_tl.a: [5]
    ABImemcpy_unaligned.o       118
    I64DivMod.o                 238
    I64DivZer.o                   2
    cexit.o                      14
    cmain.o                      26
    cstart_closeall.o
    cstartup_M.o                 12
    data_init.o                  40
    memchr.o                     88
    packbits_init_single.o       56
    strchr.o                     22
    strlen.o                     54
    zero_init3.o                 64
    -------------------------------------------------
    Total:                      734

shb_l.a: [6]
    close.o                      26
    dwrite.o                     30
    exit.o                       20
    iarttio.o                   108
    iarwrite.o                   34
    iarwstd.o                    32
    lseek.o                      76
    remove.o                     22
    write.o                      16
    -------------------------------------------------
    Total:                      364

    Gaps                         48        2
    Linker created                        32    1 536
-----------------------------------------------------
    Grand Total:             14 774      172    2 456


*******************************************************************************
*** ENTRY LIST
***

Entry                      Address   Size  Type      Object
-----                      -------   ----  ----      ------
.iar.init_table$$Base   0x080037d4          --   Gb  - Linker created -
.iar.init_table$$Limit  0x080037f4          --   Gb  - Linker created -
?main                   0x080037f5         Code  Gb  cmain.o [5]
APBAHBPrescTable        0x08002444   0x10  Data  Gb  stm32f4xx_hal_rcc.o [1]
BusFault_Handler        0x0800343b    0x2  Code  Gb  stm32f4xx_it.o [1]
CSTACK$$Base            0x200001f0          --   Gb  - Linker created -
CSTACK$$Limit           0x200005f0          --   Gb  - Linker created -
DebugMon_Handler        0x08003441    0x2  Code  Gb  stm32f4xx_it.o [1]
EXTI0_IRQHandler        0x08003453   0x48  Code  Gb  stm32f4xx_it.o [1]
HAL_Delay               0x080024b9   0x18  Code  Wk  stm32f4xx_hal.o [1]
HAL_GPIO_EXTI_Callback  0x08002ce1    0x2  Code  Wk  stm32f4xx_hal_gpio.o [1]
HAL_GPIO_EXTI_IRQHandler
                        0x08002c93   0x14  Code  Gb  stm32f4xx_hal_gpio.o [1]
HAL_GPIO_Init           0x08002ab5  0x1ca  Code  Gb  stm32f4xx_hal_gpio.o [1]
HAL_GPIO_ReadPin        0x08002c7f    0xc  Code  Gb  stm32f4xx_hal_gpio.o [1]
HAL_GPIO_WritePin       0x08002c8b    0x8  Code  Gb  stm32f4xx_hal_gpio.o [1]
HAL_GetTick             0x080024b3    0x6  Code  Wk  stm32f4xx_hal.o [1]
HAL_IncTick             0x080024a9    0xa  Code  Wk  stm32f4xx_hal.o [1]
HAL_Init                0x08002455   0x30  Code  Gb  stm32f4xx_hal.o [1]
HAL_InitTick            0x08002485   0x24  Code  Wk  stm32f4xx_hal.o [1]
HAL_MspInit             0x080025c1   0x60  Code  Gb  stm32f4xx_hal_msp.o [1]
HAL_NVIC_EnableIRQ      0x0800254b    0xc  Code  Gb  stm32f4xx_hal_cortex.o [1]
HAL_NVIC_SetPriority    0x08002511   0x3a  Code  Gb  stm32f4xx_hal_cortex.o [1]
HAL_NVIC_SetPriorityGrouping
                        0x080024f7   0x1a  Code  Gb  stm32f4xx_hal_cortex.o [1]
HAL_PWREx_EnableOverDrive
                        0x08002f35   0x44  Code  Gb  stm32f4xx_hal_pwr_ex.o [1]
HAL_RCC_ClockConfig     0x08002297  0x12c  Code  Gb  stm32f4xx_hal_rcc.o [1]
HAL_RCC_GetHCLKFreq     0x08002417    0x6  Code  Gb  stm32f4xx_hal_rcc.o [1]
HAL_RCC_GetSysClockFreq
                        0x080023d1   0x46  Code  Wk  stm32f4xx_hal_rcc.o [1]
HAL_RCC_OscConfig       0x0800204d  0x242  Code  Wk  stm32f4xx_hal_rcc.o [1]
HAL_SYSTICK_CLKSourceConfig
                        0x08002587   0x14  Code  Gb  stm32f4xx_hal_cortex.o [1]
HAL_SYSTICK_Callback    0x080025bd    0x2  Code  Wk  stm32f4xx_hal_cortex.o [1]
HAL_SYSTICK_Config      0x0800255f   0x28  Code  Gb  stm32f4xx_hal_cortex.o [1]
HAL_SYSTICK_IRQHandler  0x080025b5    0x8  Code  Gb  stm32f4xx_hal_cortex.o [1]
HAL_TIMEx_BreakCallback
                        0x08002ab1    0x2  Code  Wk  stm32f4xx_hal_tim_ex.o [1]
HAL_TIMEx_CommutationCallback
                        0x08002aaf    0x2  Code  Wk  stm32f4xx_hal_tim_ex.o [1]
HAL_TIMEx_MasterConfigSynchronization
                        0x08002a65   0x4a  Code  Gb  stm32f4xx_hal_tim_ex.o [1]
HAL_TIM_Base_Init       0x08002691   0x1a  Code  Gb  stm32f4xx_hal_tim.o [1]
HAL_TIM_Base_MspInit    0x08002621   0x62  Code  Gb  stm32f4xx_hal_msp.o [1]
HAL_TIM_Base_Start_IT   0x080026ab   0x16  Code  Gb  stm32f4xx_hal_tim.o [1]
HAL_TIM_Base_Stop_IT    0x080026c1   0x2a  Code  Gb  stm32f4xx_hal_tim.o [1]
HAL_TIM_ConfigClockSource
                        0x0800285b   0xa8  Code  Gb  stm32f4xx_hal_tim.o [1]
HAL_TIM_IC_CaptureCallback
                        0x0800292f    0x2  Code  Wk  stm32f4xx_hal_tim.o [1]
HAL_TIM_IRQHandler      0x08002707  0x14a  Code  Gb  stm32f4xx_hal_tim.o [1]
HAL_TIM_OC_DelayElapsedCallback
                        0x0800292d    0x2  Code  Wk  stm32f4xx_hal_tim.o [1]
HAL_TIM_PWM_PulseFinishedCallback
                        0x08002931    0x2  Code  Wk  stm32f4xx_hal_tim.o [1]
HAL_TIM_PeriodElapsedCallback
                        0x0800292b    0x2  Code  Wk  stm32f4xx_hal_tim.o [1]
HAL_TIM_TriggerCallback
                        0x08002933    0x2  Code  Wk  stm32f4xx_hal_tim.o [1]
HEAP$$Base              0x200005f0          --   Gb  - Linker created -
HEAP$$Limit             0x200007f0          --   Gb  - Linker created -
HardFault_Handler       0x08003437    0x2  Code  Gb  stm32f4xx_it.o [1]
LoadInt                 0x080007fb   0x6e  Code  Lc  xprintffull.o [3]
MemManage_Handler       0x08003439    0x2  Code  Gb  stm32f4xx_it.o [1]
NMI_Handler             0x08003435    0x2  Code  Gb  stm32f4xx_it.o [1]
NVIC_SetPriority        0x080024dd   0x1a  Code  Lc  stm32f4xx_hal_cortex.o [1]
PendSV_Handler          0x08003443    0x2  Code  Gb  stm32f4xx_it.o [1]
Region$$Table$$Base     0x080037d4          --   Gb  - Linker created -
Region$$Table$$Limit    0x080037f4          --   Gb  - Linker created -
SVC_Handler             0x0800343f    0x2  Code  Gb  stm32f4xx_it.o [1]
SysTick_Handler         0x08003445    0xe  Code  Gb  stm32f4xx_it.o [1]
SystemClock_Config      0x08002e2f   0xb4  Code  Gb  main.o [1]
SystemCoreClock         0x20000000    0x4  Data  Gb  system_stm32f4xx.o [1]
SystemInit              0x080036c1   0x3a  Code  Gb  system_stm32f4xx.o [1]
TIM3_IRQHandler         0x0800349b   0x1e  Code  Gb  stm32f4xx_it.o [1]
TIM4_IRQHandler         0x080034b9    0x6  Code  Gb  stm32f4xx_it.o [1]
TIM_Base_SetConfig      0x08002935   0x90  Code  Gb  stm32f4xx_hal_tim.o [1]
TIM_ETR_SetConfig       0x08002a4f   0x14  Code  Lc  stm32f4xx_hal_tim.o [1]
TIM_ITRx_SetConfig      0x08002a3f   0x10  Code  Lc  stm32f4xx_hal_tim.o [1]
TIM_TI1_ConfigInputStage
                        0x080029f9   0x22  Code  Lc  stm32f4xx_hal_tim.o [1]
TIM_TI2_ConfigInputStage
                        0x08002a1b   0x24  Code  Lc  stm32f4xx_hal_tim.o [1]
UsageFault_Handler      0x0800343d    0x2  Code  Gb  stm32f4xx_it.o [1]
_Close_all              0x08003611   0x58  Code  Gb  xcloseall.o [3]
_EncodingSb_Mbtowc      0x08001eff   0x30  Code  Gb  xencoding_sb.o [3]
_EncodingSb_Wctomb      0x08001ee5   0x1a  Code  Gb  xencoding_sb.o [3]
_Files                  0x200000c4   0x20  Data  Gb  xfiles.o [3]
_Fofree                 0x080034e9   0x78  Code  Gb  xfofind.o [3]
_Fspos                  0x08003089   0xd6  Code  Gb  xfspos.o [3]
_Fwprep                 0x0800335d   0xb6  Code  Gb  xfwprep.o [3]
_GenldFull              0x0800107f  0x24c  Code  Lc  xprintffull.o [3]
_IsdstStr               0x20000178    0x4  Data  Gb  setlocale.o [3]
_LdtobFull              0x08000c7d  0x3fc  Code  Lc  xprintffull.o [3]
_LitobFull              0x08000b75  0x106  Code  Lc  xprintffull.o [3]
_LocaleEncoding         0x08001ed1    0xe  Code  Gb  setlocale.o [3]
_LocaleReturnString     0x20000198   0x50  Data  Lc  setlocale.o [3]
_Locale_Profile         0x2000017c   0x1c  Data  Gb  setlocale.o [3]
_Locale_aeabi_lconv     0x2000013c   0x38  Data  Gb  localeconv.o [3]
_Locale_lconv           0x200000ec   0x50  Data  Gb  localeconv.o [3]
_Mbtowc                 0x08001313   0x20  Code  Gb  xmbtowc.o [3]
_Nnl                    0x08003211    0xa  Code  Gb  xfgpos.o [3]
_PrintfFull             0x080001ad  0x638  Code  Gb  xprintffull.o [3]
_Prout                  0x0800383d   0x16  Code  Gb  xprout.o [3]
_PutcharsFull           0x080012cb   0x2e  Code  Lc  xprintffull.o [3]
_PutstrFull             0x08000869  0x306  Code  Lc  xprintffull.o [3]
_TzoneStr               0x20000174    0x4  Data  Gb  setlocale.o [3]
_Wctomb                 0x08001499   0x1a  Code  Gb  xwctomb.o [3]
__aeabi_cdcmple         0x080016dd         Code  Gb  DblCmpLe.o [4]
__aeabi_cdrcmple        0x0800170d         Code  Gb  DblCmpGe.o [4]
__aeabi_d2iz            0x08001851         Code  Gb  DblToI32.o [4]
__aeabi_d2uiz           0x0800187d         Code  Gb  DblToI32.o [4]
__aeabi_ddiv            0x08001bfd         Code  Gb  DblDiv.o [4]
__aeabi_dmul            0x08001a59         Code  Gb  DblMul.o [4]
__aeabi_dsub            0x080018d9         Code  Gb  DblSub.o [4]
__aeabi_errno_addr      0x08003269    0x6  Code  Gb  errno.o [3]
__aeabi_i2d             0x080018a9         Code  Gb  I32ToDbl.o [4]
__aeabi_ldiv0           0x08001f71         Code  Gb  I64DivZer.o [5]
__aeabi_ui2d            0x080018bd         Code  Gb  I32ToDbl.o [4]
__aeabi_uldivmod        0x080015ad         Code  Gb  I64DivMod.o [5]
__cexit_closeall        0x0800381b         Code  Gb  cexit.o [5]
__close                 0x080035df   0x1a  Code  Gb  close.o [6]
__cmain                 0x080037f5         Code  Gb  cmain.o [5]
__cstart_closeall       0x080039d8         Data  Gb  cstart_closeall.o [5]
__data_Aldata           0x20000988    0x8  Data  Gb  xxmemxmalloc.o [3]
__data_GetMemChunk      0x08001f45   0x2c  Code  Gb  xgetmemchunk.o [3]
__dwrite                0x08003289   0x1e  Code  Gb  dwrite.o [6]
__exit                  0x08003829   0x14  Code  Gb  exit.o [6]
__iar_Dnorm             0x0800169b   0x42  Code  Gb  xdnorm.o [4]
__iar_Dscale            0x0800173d  0x114  Code  Gb  xdscale.o [4]
__iar_Errno             0x200001e8    0x4  Data  Gb  errno.o [3]
__iar_Locale_lconv_init
                        0x08001e55   0x3a  Code  Gb  localeconv.o [3]
__iar_Lockfilelock      0x08003275    0x2  Code  Gb  xsyslock_nop.o [3]
__iar_Mbcurmax          0x080013dd    0xa  Code  Gb  xmbcurmax.o [3]
__iar_Memchr            0x08001385         Code  Gb  memchr.o [5]
__iar_Stderr            0x20000084   0x40  Data  Gb  xfiles.o [3]
__iar_Stdin             0x20000004   0x40  Data  Gb  xfiles.o [3]
__iar_Stdout            0x20000044   0x40  Data  Gb  xfiles.o [3]
__iar_Strchr            0x08001335         Code  Gb  strchr.o [5]
__iar_Unlockfilelock    0x08003277    0x2  Code  Gb  xsyslock_nop.o [3]
__iar_close_ttio        0x080032e9   0x2e  Code  Gb  iarttio.o [6]
__iar_d2uiz             0x08001889         Code  Gb  DblToI32.o [4]
__iar_dadd              0x08001f75         Code  Gb  DblAdd.o [4]
__iar_data_init3        0x08003789   0x28  Code  Gb  data_init.o [5]
__iar_dlib_perthread_access
                        0x08002049    0x2  Code  Gb  xtls.o [3]
__iar_dsub              0x080018ed         Code  Gb  DblSub.o [4]
__iar_dsubStart         0x080018ff         Code  Gb  DblSub.o [4]
__iar_get_ttio          0x08003319   0x38  Code  Gb  iarttio.o [6]
__iar_init_vfp          0x080037b1         Code  Gb  fpinit_M.o [4]
__iar_lookup_ttioh      0x08003355    0x8  Code  Gb  XShttio.o [3]
__iar_packbits_init_single3
                        0x08003751   0x38  Code  Gb  packbits_init_single.o [5]
__iar_program_start     0x08003871         Code  Gb  cstartup_M.o [5]
__iar_sh_Discard        0x08002fa9   0x44  Code  Gb  XShHandles.o [3]
__iar_sh_Move           0x08002ff3   0x4c  Code  Gb  XShHandles.o [3]
__iar_sh_Pos            0x0800303f   0x44  Code  Gb  XShHandles.o [3]
__iar_sh_stdout         0x080032a7   0x20  Code  Gb  iarwstd.o [6]
__iar_sh_write          0x080032c7   0x22  Code  Gb  iarwrite.o [6]
__iar_ttio_handles      0x200000e4    0x8  Data  Lc  XShttio.o [3]
__iar_ui2d              0x080018c1         Code  Gb  I32ToDbl.o [4]
__iar_unaligned___aeabi_memcpy
                        0x080014b5         Code  Gb  ABImemcpy_unaligned.o [5]
__iar_unaligned___aeabi_memcpy4
                        0x080014d5         Code  Gb  ABImemcpy_unaligned.o [5]
__iar_unaligned___aeabi_memcpy8
                        0x080014d5         Code  Gb  ABImemcpy_unaligned.o [5]
__iar_zero_init3        0x08003711   0x40  Code  Gb  zero_init3.o [5]
__low_level_init        0x0800380f    0x4  Code  Gb  low_level_init.o [3]
__lseek                 0x0800321b   0x4c  Code  Gb  lseek.o [6]
__vector_table          0x08000000         Data  Gb  startup_stm32f429xx.o [1]
__write                 0x08003279   0x10  Code  Gb  write.o [6]
_call_main              0x08003801         Code  Gb  cmain.o [5]
_exit                   0x08003819         Code  Gb  cexit.o [5]
_main                   0x0800380b         Code  Gb  cmain.o [5]
div                     0x08001ec1    0xe  Code  Gb  div.o [3]
ebuf                    0x200008e8   0x50  Data  Lc  xfiles.o [3]
exit                    0x08003813    0x4  Code  Gb  exit.o [3]
fclose                  0x08003565   0x7a  Code  Gb  fclose.o [3]
fflush                  0x080031d7   0x34  Code  Gb  fflush.o [3]
fflushOne               0x08003161   0x76  Code  Lc  fflush.o [3]
fputc                   0x08003669   0x56  Code  Gb  fputc.o [3]
free                    0x0800152d   0x7a  Code  Gb  xxmemxfree.o [3]
fseek                   0x08003413   0x22  Code  Gb  fseek.o [3]
htim3                   0x20000870   0x3c  Data  Gb  main.o [1]
htim4                   0x200008ac   0x3c  Data  Gb  main.o [1]
localeconv              0x08001e8f   0x16  Code  Gb  localeconv.o [3]
main                    0x08002ce5  0x12e  Code  Gb  main.o [1]
malloc                  0x080013e9   0xac  Code  Gb  xxmemxmalloc.o [3]
memchr                  0x08001385         Code  Gb  memchr.o [5]
obuf                    0x20000938   0x50  Data  Lc  xfiles.o [3]
printf                  0x08002f11   0x24  Code  Gb  printf.o [3]
putchar                 0x08003855    0xc  Code  Gb  putchar.o [3]
remove                  0x080035f9   0x16  Code  Gb  remove.o [6]
sFileInfo               0x200007f0   0x80  Data  Lc  XShHandles.o [3]
strchr                  0x08001335         Code  Gb  strchr.o [5]
strlen                  0x0800134d         Code  Gb  strlen.o [5]
time                    0x20000994    0x4  Data  Gb  stm32f4xx_it.o [1]
uwTick                  0x20000990    0x4  Data  Gb  stm32f4xx_hal.o [1]


[1] = C:\stm_projects\disco_tim2\EWARM\disco_tim2\Obj
[2] = command line
[3] = dl7M_tlf.a
[4] = m7M_tls.a
[5] = rt7M_tl.a
[6] = shb_l.a

  14 774 bytes of readonly  code memory
     172 bytes of readonly  data memory
   2 456 bytes of readwrite data memory

Errors: none
Warnings: none
