###############################################################################
#
# IAR ELF Linker V7.50.2.10312/W32 for ARM                15/Oct/2016  23:25:16
# Copyright 2007-2015 IAR Systems AB.
#
#    Output file  =  
#        C:\stm_projects\disco_tim2\EWARM\disco_tim2\Exe\disco_tim2.out
#    Map file     =  
#        C:\stm_projects\disco_tim2\EWARM\disco_tim2\List\disco_tim2.map
#    Command line =  
#        C:\stm_projects\disco_tim2\EWARM\disco_tim2\Obj\main.o
#        C:\stm_projects\disco_tim2\EWARM\disco_tim2\Obj\startup_stm32f429xx.o
#        C:\stm_projects\disco_tim2\EWARM\disco_tim2\Obj\stm32f4xx_hal.o
#        C:\stm_projects\disco_tim2\EWARM\disco_tim2\Obj\stm32f4xx_hal_cortex.o
#        C:\stm_projects\disco_tim2\EWARM\disco_tim2\Obj\stm32f4xx_hal_dma.o
#        C:\stm_projects\disco_tim2\EWARM\disco_tim2\Obj\stm32f4xx_hal_dma_ex.o
#        C:\stm_projects\disco_tim2\EWARM\disco_tim2\Obj\stm32f4xx_hal_flash.o
#        C:\stm_projects\disco_tim2\EWARM\disco_tim2\Obj\stm32f4xx_hal_flash_ex.o
#        C:\stm_projects\disco_tim2\EWARM\disco_tim2\Obj\stm32f4xx_hal_flash_ramfunc.o
#        C:\stm_projects\disco_tim2\EWARM\disco_tim2\Obj\stm32f4xx_hal_gpio.o
#        C:\stm_projects\disco_tim2\EWARM\disco_tim2\Obj\stm32f4xx_hal_msp.o
#        C:\stm_projects\disco_tim2\EWARM\disco_tim2\Obj\stm32f4xx_hal_pwr.o
#        C:\stm_projects\disco_tim2\EWARM\disco_tim2\Obj\stm32f4xx_hal_pwr_ex.o
#        C:\stm_projects\disco_tim2\EWARM\disco_tim2\Obj\stm32f4xx_hal_rcc.o
#        C:\stm_projects\disco_tim2\EWARM\disco_tim2\Obj\stm32f4xx_hal_rcc_ex.o
#        C:\stm_projects\disco_tim2\EWARM\disco_tim2\Obj\stm32f4xx_hal_tim.o
#        C:\stm_projects\disco_tim2\EWARM\disco_tim2\Obj\stm32f4xx_hal_tim_ex.o
#        C:\stm_projects\disco_tim2\EWARM\disco_tim2\Obj\stm32f4xx_it.o
#        C:\stm_projects\disco_tim2\EWARM\disco_tim2\Obj\system_stm32f4xx.o
#        --redirect _Printf=_PrintfFull --redirect _Scanf=_ScanfFull -o
#        C:\stm_projects\disco_tim2\EWARM\disco_tim2\Exe\disco_tim2.out --map
#        C:\stm_projects\disco_tim2\EWARM\disco_tim2\List\disco_tim2.map
#        --config C:\stm_projects\disco_tim2\EWARM/stm32f429xx_flash.icf
#        --semihosting --entry __iar_program_start --vfe
#
###############################################################################

*******************************************************************************
*** RUNTIME MODEL ATTRIBUTES
***

CppFlavor                     = *
__Heap_Handler                = Basic
__SystemLibrary               = DLib
__dlib_dynamic_initialization = normal


*******************************************************************************
*** PLACEMENT SUMMARY
***

"A1":  place at 0x08000000 { ro section .intvec };
"P1":  place in [from 0x08000000 to 0x081fffff] { ro };
"P2":  place in [from 0x20000000 to 0x2002ffff] { rw, block CSTACK, block HEAP };

  Section             Kind        Address    Size  Object
  -------             ----        -------    ----  ------
"A1":                                       0x1ac
  .intvec             ro code  0x08000000   0x1ac  startup_stm32f429xx.o [1]
                             - 0x080001ac   0x1ac

"P1":                                      0x39d6
  .text               ro code  0x080001ac  0x1166  xprintffull.o [3]
  .text               ro code  0x08001312    0x20  xmbtowc.o [3]
  .text               ro code  0x08001334    0x16  strchr.o [5]
  .text               ro code  0x0800134c    0x36  strlen.o [5]
  .text               ro code  0x08001384    0x58  memchr.o [5]
  .text               ro code  0x080013dc     0xa  xmbcurmax.o [3]
  .text               ro code  0x080013e8    0xb0  xxmemxmalloc.o [3]
  .text               ro code  0x08001498    0x1a  xwctomb.o [3]
  .text               ro code  0x080014b4    0x76  ABImemcpy_unaligned.o [5]
  .text               ro code  0x0800152c    0x80  xxmemxfree.o [3]
  .text               ro code  0x080015ac    0xee  I64DivMod.o [5]
  .text               ro code  0x0800169a    0x42  xdnorm.o [4]
  .text               ro code  0x080016dc    0x2e  DblCmpLe.o [4]
  .text               ro code  0x0800170c    0x2e  DblCmpGe.o [4]
  .text               ro code  0x0800173c   0x114  xdscale.o [4]
  .text               ro code  0x08001850    0x58  DblToI32.o [4]
  .text               ro code  0x080018a8    0x30  I32ToDbl.o [4]
  .text               ro code  0x080018d8   0x180  DblSub.o [4]
  .text               ro code  0x08001a58   0x1a2  DblMul.o [4]
  .text               ro code  0x08001bfc   0x256  DblDiv.o [4]
  .text               ro code  0x08001e54    0x6c  localeconv.o [3]
  .text               ro code  0x08001ec0     0xe  div.o [3]
  .text               ro code  0x08001ed0    0x14  setlocale.o [3]
  .text               ro code  0x08001ee4    0x60  xencoding_sb.o [3]
  .text               ro code  0x08001f44    0x2c  xgetmemchunk.o [3]
  .text               ro code  0x08001f70     0x2  I64DivZer.o [5]
  .text               ro code  0x08001f74    0xd4  DblAdd.o [4]
  .text               ro code  0x08002048     0x2  xtls.o [3]
  .text               ro code  0x0800204c   0x408  stm32f4xx_hal_rcc.o [1]
  .text               ro code  0x08002454    0x88  stm32f4xx_hal.o [1]
  .text               ro code  0x080024dc    0xe2  stm32f4xx_hal_cortex.o [1]
  .text               ro code  0x080025c0   0x124  stm32f4xx_hal_msp.o [1]
  .text               ro code  0x080026e4   0x3d2  stm32f4xx_hal_tim.o [1]
  .text               ro code  0x08002ab8    0x4e  stm32f4xx_hal_tim_ex.o [1]
  .text               ro code  0x08002b08   0x2ec  main.o [1]
  .text               ro code  0x08002df4    0x24  printf.o [3]
  .text               ro code  0x08002e18   0x22e  stm32f4xx_hal_gpio.o [1]
  .text               ro code  0x08003048    0x74  stm32f4xx_hal_pwr_ex.o [1]
  .text               ro code  0x080030bc    0xe0  XShHandles.o [3]
  .text               ro code  0x0800319c    0xd6  xfspos.o [3]
  .text               ro code  0x08003274    0xb0  fflush.o [3]
  .text               ro code  0x08003324     0xa  xfgpos.o [3]
  .text               ro code  0x0800332e    0x4c  lseek.o [6]
  .text               ro code  0x0800337c     0xc  errno.o [3]
  .text               ro code  0x08003388     0x4  xsyslock_nop.o [3]
  .text               ro code  0x0800338c    0x10  write.o [6]
  .text               ro code  0x0800339c    0x1e  dwrite.o [6]
  .text               ro code  0x080033ba    0x20  iarwstd.o [6]
  .text               ro code  0x080033da    0x22  iarwrite.o [6]
  .text               ro code  0x080033fc    0x6c  iarttio.o [6]
  .text               ro code  0x08003468     0x8  XShttio.o [3]
  .text               ro code  0x08003470    0xc8  stm32f4xx_it.o [1]
  .text               ro code  0x08003538    0xb6  xfwprep.o [3]
  .text               ro code  0x080035ee    0x22  fseek.o [3]
  .text               ro code  0x08003610    0x7c  xfofind.o [3]
  .text               ro code  0x0800368c    0x7a  fclose.o [3]
  .text               ro code  0x08003706    0x1a  close.o [6]
  .text               ro code  0x08003720    0x16  remove.o [6]
  .text               ro code  0x08003738    0x58  xcloseall.o [3]
  .text               ro code  0x08003790    0x56  fputc.o [3]
  .text               ro code  0x080037e8    0x50  system_stm32f4xx.o [1]
  .text               ro code  0x08003838    0x40  zero_init3.o [5]
  .text               ro code  0x08003878    0x38  packbits_init_single.o [5]
  .text               ro code  0x080038b0    0x28  data_init.o [5]
  .text               ro code  0x080038d8    0x22  fpinit_M.o [4]
  .iar.init_table     const    0x080038fc    0x20  - Linker created -
  .text               ro code  0x0800391c    0x1a  cmain.o [5]
  .text               ro code  0x08003936     0x4  low_level_init.o [3]
  .text               ro code  0x0800393a     0x4  exit.o [3]
  .text               ro code  0x08003940     0xe  cexit.o [5]
  .text               ro code  0x08003950    0x14  exit.o [6]
  .text               ro code  0x08003964    0x16  xprout.o [3]
  .text               ro code  0x0800397c     0xc  putchar.o [3]
  .text               ro code  0x08003988    0x10  startup_stm32f429xx.o [1]
  .text               ro code  0x08003998     0xc  cstartup_M.o [5]
  .text               ro code  0x080039a4     0x4  startup_stm32f429xx.o [1]
  .text               ro code  0x080039a8     0x4  startup_stm32f429xx.o [1]
  .text               ro code  0x080039ac     0x4  startup_stm32f429xx.o [1]
  .text               ro code  0x080039b0     0x4  startup_stm32f429xx.o [1]
  .text               ro code  0x080039b4     0x4  startup_stm32f429xx.o [1]
  .text               ro code  0x080039b8     0x4  startup_stm32f429xx.o [1]
  .text               ro code  0x080039bc     0x4  startup_stm32f429xx.o [1]
  .text               ro code  0x080039c0     0x4  startup_stm32f429xx.o [1]
  .text               ro code  0x080039c4     0x4  startup_stm32f429xx.o [1]
  .text               ro code  0x080039c8     0x4  startup_stm32f429xx.o [1]
  .text               ro code  0x080039cc     0x4  startup_stm32f429xx.o [1]
  .text               ro code  0x080039d0     0x4  startup_stm32f429xx.o [1]
  .text               ro code  0x080039d4     0x4  startup_stm32f429xx.o [1]
  .text               ro code  0x080039d8     0x4  startup_stm32f429xx.o [1]
  .text               ro code  0x080039dc     0x4  startup_stm32f429xx.o [1]
  .text               ro code  0x080039e0     0x4  startup_stm32f429xx.o [1]
  .text               ro code  0x080039e4     0x4  startup_stm32f429xx.o [1]
  .text               ro code  0x080039e8     0x4  startup_stm32f429xx.o [1]
  .text               ro code  0x080039ec     0x4  startup_stm32f429xx.o [1]
  .text               ro code  0x080039f0     0x4  startup_stm32f429xx.o [1]
  .text               ro code  0x080039f4     0x4  startup_stm32f429xx.o [1]
  .text               ro code  0x080039f8     0x4  startup_stm32f429xx.o [1]
  .text               ro code  0x080039fc     0x4  startup_stm32f429xx.o [1]
  .text               ro code  0x08003a00     0x4  startup_stm32f429xx.o [1]
  .text               ro code  0x08003a04     0x4  startup_stm32f429xx.o [1]
  .text               ro code  0x08003a08     0x4  startup_stm32f429xx.o [1]
  .text               ro code  0x08003a0c     0x4  startup_stm32f429xx.o [1]
  .text               ro code  0x08003a10     0x4  startup_stm32f429xx.o [1]
  .text               ro code  0x08003a14     0x4  startup_stm32f429xx.o [1]
  .text               ro code  0x08003a18     0x4  startup_stm32f429xx.o [1]
  .text               ro code  0x08003a1c     0x4  startup_stm32f429xx.o [1]
  .text               ro code  0x08003a20     0x4  startup_stm32f429xx.o [1]
  .text               ro code  0x08003a24     0x4  startup_stm32f429xx.o [1]
  .text               ro code  0x08003a28     0x4  startup_stm32f429xx.o [1]
  .text               ro code  0x08003a2c     0x4  startup_stm32f429xx.o [1]
  .text               ro code  0x08003a30     0x4  startup_stm32f429xx.o [1]
  .text               ro code  0x08003a34     0x4  startup_stm32f429xx.o [1]
  .text               ro code  0x08003a38     0x4  startup_stm32f429xx.o [1]
  .text               ro code  0x08003a3c     0x4  startup_stm32f429xx.o [1]
  .text               ro code  0x08003a40     0x4  startup_stm32f429xx.o [1]
  .text               ro code  0x08003a44     0x4  startup_stm32f429xx.o [1]
  .text               ro code  0x08003a48     0x4  startup_stm32f429xx.o [1]
  .text               ro code  0x08003a4c     0x4  startup_stm32f429xx.o [1]
  .text               ro code  0x08003a50     0x4  startup_stm32f429xx.o [1]
  .text               ro code  0x08003a54     0x4  startup_stm32f429xx.o [1]
  .text               ro code  0x08003a58     0x4  startup_stm32f429xx.o [1]
  .text               ro code  0x08003a5c     0x4  startup_stm32f429xx.o [1]
  .text               ro code  0x08003a60     0x4  startup_stm32f429xx.o [1]
  .text               ro code  0x08003a64     0x4  startup_stm32f429xx.o [1]
  .text               ro code  0x08003a68     0x4  startup_stm32f429xx.o [1]
  .text               ro code  0x08003a6c     0x4  startup_stm32f429xx.o [1]
  .text               ro code  0x08003a70     0x4  startup_stm32f429xx.o [1]
  .text               ro code  0x08003a74     0x4  startup_stm32f429xx.o [1]
  .text               ro code  0x08003a78     0x4  startup_stm32f429xx.o [1]
  .text               ro code  0x08003a7c     0x4  startup_stm32f429xx.o [1]
  .text               ro code  0x08003a80     0x4  startup_stm32f429xx.o [1]
  .text               ro code  0x08003a84     0x4  startup_stm32f429xx.o [1]
  .text               ro code  0x08003a88     0x4  startup_stm32f429xx.o [1]
  .text               ro code  0x08003a8c     0x4  startup_stm32f429xx.o [1]
  .text               ro code  0x08003a90     0x4  startup_stm32f429xx.o [1]
  .text               ro code  0x08003a94     0x4  startup_stm32f429xx.o [1]
  .text               ro code  0x08003a98     0x4  startup_stm32f429xx.o [1]
  .text               ro code  0x08003a9c     0x4  startup_stm32f429xx.o [1]
  .text               ro code  0x08003aa0     0x4  startup_stm32f429xx.o [1]
  .text               ro code  0x08003aa4     0x4  startup_stm32f429xx.o [1]
  .text               ro code  0x08003aa8     0x4  startup_stm32f429xx.o [1]
  .text               ro code  0x08003aac     0x4  startup_stm32f429xx.o [1]
  .text               ro code  0x08003ab0     0x4  startup_stm32f429xx.o [1]
  .text               ro code  0x08003ab4     0x4  startup_stm32f429xx.o [1]
  .text               ro code  0x08003ab8     0x4  startup_stm32f429xx.o [1]
  .text               ro code  0x08003abc     0x4  startup_stm32f429xx.o [1]
  .text               ro code  0x08003ac0     0x4  startup_stm32f429xx.o [1]
  .text               ro code  0x08003ac4     0x4  startup_stm32f429xx.o [1]
  .text               ro code  0x08003ac8     0x4  startup_stm32f429xx.o [1]
  .text               ro code  0x08003acc     0x4  startup_stm32f429xx.o [1]
  .text               ro code  0x08003ad0     0x4  startup_stm32f429xx.o [1]
  .text               ro code  0x08003ad4     0x4  startup_stm32f429xx.o [1]
  .text               ro code  0x08003ad8     0x4  startup_stm32f429xx.o [1]
  .text               ro code  0x08003adc     0x4  startup_stm32f429xx.o [1]
  .text               ro code  0x08003ae0     0x4  startup_stm32f429xx.o [1]
  .text               ro code  0x08003ae4     0x4  startup_stm32f429xx.o [1]
  .text               ro code  0x08003ae8     0x4  startup_stm32f429xx.o [1]
  .text               ro code  0x08003aec     0x4  startup_stm32f429xx.o [1]
  .text               ro code  0x08003af0     0x4  startup_stm32f429xx.o [1]
  .text               ro code  0x08003af4     0x4  startup_stm32f429xx.o [1]
  .text               ro code  0x08003af8     0x0  cstart_closeall.o [5]
  .rodata             const    0x08003af8     0x0  zero_init3.o [5]
  .rodata             const    0x08003af8     0x0  packbits_init_single.o [5]
  Initializer bytes   const    0x08003af8    0x8a  <for P2-1>
                             - 0x08003b82  0x39d6

"P2", part 1 of 3:                          0x1ec
  P2-1                         0x20000000   0x1ec  <Init block>
    .data             inited   0x20000000     0x4  system_stm32f4xx.o [1]
    .data             inited   0x20000004    0x40  xfiles.o [3]
    .data             inited   0x20000044    0x40  xfiles.o [3]
    .data             inited   0x20000084    0x40  xfiles.o [3]
    .data             inited   0x200000c4    0x20  xfiles.o [3]
    .data             inited   0x200000e4     0x8  XShttio.o [3]
    __DLIB_PERTHREAD  inited   0x200000ec    0x88  localeconv.o [3]
    __DLIB_PERTHREAD  inited   0x20000174    0x74  setlocale.o [3]
    __DLIB_PERTHREAD  inited   0x200001e8     0x4  errno.o [3]
                             - 0x200001ec   0x1ec

"P2", part 2 of 3:                          0x600
  CSTACK                       0x200001f0   0x400  <Block>
    CSTACK            uninit   0x200001f0   0x400  <Block tail>
  HEAP                         0x200005f0   0x200  <Block>
    HEAP              uninit   0x200005f0   0x200  <Block tail>
                             - 0x200007f0   0x600

"P2", part 3 of 3:                          0x224
  .bss                zero     0x200007f0    0xf0  main.o [1]
  .bss                zero     0x200008e0    0x80  XShHandles.o [3]
  .bss                zero     0x20000960    0x50  xfiles.o [3]
  .bss                zero     0x200009b0    0x50  xfiles.o [3]
  .bss                zero     0x20000a00     0x8  xxmemxmalloc.o [3]
  .bss                zero     0x20000a08     0x4  stm32f4xx_hal.o [1]
  .bss                zero     0x20000a0c     0x4  stm32f4xx_it.o [1]
  .bss                zero     0x20000a10     0x4  xgetmemchunk.o [3]
                             - 0x20000a14   0x224


*******************************************************************************
*** INIT TABLE
***

          Address     Size
          -------     ----
Zero (__iar_zero_init3)
    1 destination range, total size 0x224:
          0x200007f0  0x224

Copy/packbits (__iar_packbits_init_single3)
    1 source range, total size 0x8a (28% of destination):
          0x08003af8   0x8a
    1 destination range, total size 0x1ec:
          0x20000000  0x1ec



*******************************************************************************
*** MODULE SUMMARY
***

    Module                  ro code  ro data  rw data
    ------                  -------  -------  -------
C:\stm_projects\disco_tim2\EWARM\disco_tim2\Obj: [1]
    main.o                      748               240
    startup_stm32f429xx.o       784
    stm32f4xx_hal.o             136                 4
    stm32f4xx_hal_cortex.o      226
    stm32f4xx_hal_gpio.o        558
    stm32f4xx_hal_msp.o         292
    stm32f4xx_hal_pwr_ex.o      116
    stm32f4xx_hal_rcc.o       1 032
    stm32f4xx_hal_tim.o         978
    stm32f4xx_hal_tim_ex.o       78
    stm32f4xx_it.o              200                 4
    system_stm32f4xx.o           80        1        4
    -------------------------------------------------
    Total:                    5 228        1      252

command line: [2]
    -------------------------------------------------
    Total:

dl7M_tlf.a: [3]
    XShHandles.o                224               128
    XShttio.o                     8        3        8
    div.o                        14
    errno.o                      12        2        4
    exit.o                        4
    fclose.o                    122
    fflush.o                    176
    fputc.o                      86
    fseek.o                      34
    localeconv.o                108       38      136
    low_level_init.o              4
    printf.o                     36
    putchar.o                    12
    setlocale.o                  20       32      116
    xcloseall.o                  88
    xencoding_sb.o               96
    xfgpos.o                     10
    xfiles.o                              62      384
    xfofind.o                   124
    xfspos.o                    214
    xfwprep.o                   182
    xgetmemchunk.o               44                 4
    xmbcurmax.o                  10
    xmbtowc.o                    32
    xprintffull.o             4 454
    xprout.o                     22
    xsyslock_nop.o                4
    xtls.o                        2
    xwctomb.o                    26
    xxmemxfree.o                128
    xxmemxmalloc.o              176                 8
    -------------------------------------------------
    Total:                    6 472      137      788

m7M_tls.a: [4]
    DblAdd.o                    212
    DblCmpGe.o                   46
    DblCmpLe.o                   46
    DblDiv.o                    598
    DblMul.o                    418
    DblSub.o                    384
    DblToI32.o                   88
    I32ToDbl.o                   48
    fpinit_M.o                   34
    xdnorm.o                     66
    xdscale.o                   276
    -------------------------------------------------
    Total:                    2 216

rt7M_tl.a: [5]
    ABImemcpy_unaligned.o       118
    I64DivMod.o                 238
    I64DivZer.o                   2
    cexit.o                      14
    cmain.o                      26
    cstart_closeall.o
    cstartup_M.o                 12
    data_init.o                  40
    memchr.o                     88
    packbits_init_single.o       56
    strchr.o                     22
    strlen.o                     54
    zero_init3.o                 64
    -------------------------------------------------
    Total:                      734

shb_l.a: [6]
    close.o                      26
    dwrite.o                     30
    exit.o                       20
    iarttio.o                   108
    iarwrite.o                   34
    iarwstd.o                    32
    lseek.o                      76
    remove.o                     22
    write.o                      16
    -------------------------------------------------
    Total:                      364

    Gaps                         48        2
    Linker created                        32    1 536
-----------------------------------------------------
    Grand Total:             15 062      172    2 576


*******************************************************************************
*** ENTRY LIST
***

Entry                      Address   Size  Type      Object
-----                      -------   ----  ----      ------
.iar.init_table$$Base   0x080038fc          --   Gb  - Linker created -
.iar.init_table$$Limit  0x0800391c          --   Gb  - Linker created -
?main                   0x0800391d         Code  Gb  cmain.o [5]
APBAHBPrescTable        0x08002444   0x10  Data  Gb  stm32f4xx_hal_rcc.o [1]
BusFault_Handler        0x08003477    0x2  Code  Gb  stm32f4xx_it.o [1]
CSTACK$$Base            0x200001f0          --   Gb  - Linker created -
CSTACK$$Limit           0x200005f0          --   Gb  - Linker created -
DebugMon_Handler        0x0800347d    0x2  Code  Gb  stm32f4xx_it.o [1]
EXTI0_IRQHandler        0x0800348f   0x48  Code  Gb  stm32f4xx_it.o [1]
HAL_Delay               0x080024b9   0x18  Code  Wk  stm32f4xx_hal.o [1]
HAL_GPIO_EXTI_Callback  0x08003045    0x2  Code  Wk  stm32f4xx_hal_gpio.o [1]
HAL_GPIO_EXTI_IRQHandler
                        0x08002ff7   0x14  Code  Gb  stm32f4xx_hal_gpio.o [1]
HAL_GPIO_Init           0x08002e19  0x1ca  Code  Gb  stm32f4xx_hal_gpio.o [1]
HAL_GPIO_ReadPin        0x08002fe3    0xc  Code  Gb  stm32f4xx_hal_gpio.o [1]
HAL_GPIO_WritePin       0x08002fef    0x8  Code  Gb  stm32f4xx_hal_gpio.o [1]
HAL_GetTick             0x080024b3    0x6  Code  Wk  stm32f4xx_hal.o [1]
HAL_IncTick             0x080024a9    0xa  Code  Wk  stm32f4xx_hal.o [1]
HAL_Init                0x08002455   0x30  Code  Gb  stm32f4xx_hal.o [1]
HAL_InitTick            0x08002485   0x24  Code  Wk  stm32f4xx_hal.o [1]
HAL_MspInit             0x080025c1   0x60  Code  Gb  stm32f4xx_hal_msp.o [1]
HAL_NVIC_EnableIRQ      0x0800254b    0xc  Code  Gb  stm32f4xx_hal_cortex.o [1]
HAL_NVIC_SetPriority    0x08002511   0x3a  Code  Gb  stm32f4xx_hal_cortex.o [1]
HAL_NVIC_SetPriorityGrouping
                        0x080024f7   0x1a  Code  Gb  stm32f4xx_hal_cortex.o [1]
HAL_PWREx_EnableOverDrive
                        0x08003049   0x44  Code  Gb  stm32f4xx_hal_pwr_ex.o [1]
HAL_RCC_ClockConfig     0x08002297  0x12c  Code  Gb  stm32f4xx_hal_rcc.o [1]
HAL_RCC_GetHCLKFreq     0x08002417    0x6  Code  Gb  stm32f4xx_hal_rcc.o [1]
HAL_RCC_GetSysClockFreq
                        0x080023d1   0x46  Code  Wk  stm32f4xx_hal_rcc.o [1]
HAL_RCC_OscConfig       0x0800204d  0x242  Code  Wk  stm32f4xx_hal_rcc.o [1]
HAL_SYSTICK_CLKSourceConfig
                        0x08002587   0x14  Code  Gb  stm32f4xx_hal_cortex.o [1]
HAL_SYSTICK_Callback    0x080025bd    0x2  Code  Wk  stm32f4xx_hal_cortex.o [1]
HAL_SYSTICK_Config      0x0800255f   0x28  Code  Gb  stm32f4xx_hal_cortex.o [1]
HAL_SYSTICK_IRQHandler  0x080025b5    0x8  Code  Gb  stm32f4xx_hal_cortex.o [1]
HAL_TIMEx_BreakCallback
                        0x08002b05    0x2  Code  Wk  stm32f4xx_hal_tim_ex.o [1]
HAL_TIMEx_CommutationCallback
                        0x08002b03    0x2  Code  Wk  stm32f4xx_hal_tim_ex.o [1]
HAL_TIMEx_MasterConfigSynchronization
                        0x08002ab9   0x4a  Code  Gb  stm32f4xx_hal_tim_ex.o [1]
HAL_TIM_Base_Init       0x080026e5   0x1a  Code  Gb  stm32f4xx_hal_tim.o [1]
HAL_TIM_Base_MspInit    0x08002621   0xaa  Code  Gb  stm32f4xx_hal_msp.o [1]
HAL_TIM_Base_Start_IT   0x080026ff   0x16  Code  Gb  stm32f4xx_hal_tim.o [1]
HAL_TIM_Base_Stop_IT    0x08002715   0x2a  Code  Gb  stm32f4xx_hal_tim.o [1]
HAL_TIM_ConfigClockSource
                        0x080028af   0xa8  Code  Gb  stm32f4xx_hal_tim.o [1]
HAL_TIM_IC_CaptureCallback
                        0x08002983    0x2  Code  Wk  stm32f4xx_hal_tim.o [1]
HAL_TIM_IRQHandler      0x0800275b  0x14a  Code  Gb  stm32f4xx_hal_tim.o [1]
HAL_TIM_OC_DelayElapsedCallback
                        0x08002981    0x2  Code  Wk  stm32f4xx_hal_tim.o [1]
HAL_TIM_PWM_PulseFinishedCallback
                        0x08002985    0x2  Code  Wk  stm32f4xx_hal_tim.o [1]
HAL_TIM_PeriodElapsedCallback
                        0x0800297f    0x2  Code  Wk  stm32f4xx_hal_tim.o [1]
HAL_TIM_TriggerCallback
                        0x08002987    0x2  Code  Wk  stm32f4xx_hal_tim.o [1]
HEAP$$Base              0x200005f0          --   Gb  - Linker created -
HEAP$$Limit             0x200007f0          --   Gb  - Linker created -
HardFault_Handler       0x08003473    0x2  Code  Gb  stm32f4xx_it.o [1]
LoadInt                 0x080007fb   0x6e  Code  Lc  xprintffull.o [3]
MX_GPIO_Init            0x08002cf9   0xa8  Code  Lc  main.o [1]
MemManage_Handler       0x08003475    0x2  Code  Gb  stm32f4xx_it.o [1]
NMI_Handler             0x08003471    0x2  Code  Gb  stm32f4xx_it.o [1]
NVIC_SetPriority        0x080024dd   0x1a  Code  Lc  stm32f4xx_hal_cortex.o [1]
PendSV_Handler          0x0800347f    0x2  Code  Gb  stm32f4xx_it.o [1]
Region$$Table$$Base     0x080038fc          --   Gb  - Linker created -
Region$$Table$$Limit    0x0800391c          --   Gb  - Linker created -
SVC_Handler             0x0800347b    0x2  Code  Gb  stm32f4xx_it.o [1]
SysTick_Handler         0x08003481    0xe  Code  Gb  stm32f4xx_it.o [1]
SystemClock_Config      0x08002c45   0xb4  Code  Gb  main.o [1]
SystemCoreClock         0x20000000    0x4  Data  Gb  system_stm32f4xx.o [1]
SystemInit              0x080037e9   0x3a  Code  Gb  system_stm32f4xx.o [1]
TIM1_UP_TIM10_IRQHandler
                        0x080034d7    0x6  Code  Gb  stm32f4xx_it.o [1]
TIM2_IRQHandler         0x080034dd    0x6  Code  Gb  stm32f4xx_it.o [1]
TIM3_IRQHandler         0x080034e3   0x1e  Code  Gb  stm32f4xx_it.o [1]
TIM4_IRQHandler         0x08003501    0x6  Code  Gb  stm32f4xx_it.o [1]
TIM_Base_SetConfig      0x08002989   0x90  Code  Gb  stm32f4xx_hal_tim.o [1]
TIM_ETR_SetConfig       0x08002aa3   0x14  Code  Lc  stm32f4xx_hal_tim.o [1]
TIM_ITRx_SetConfig      0x08002a93   0x10  Code  Lc  stm32f4xx_hal_tim.o [1]
TIM_TI1_ConfigInputStage
                        0x08002a4d   0x22  Code  Lc  stm32f4xx_hal_tim.o [1]
TIM_TI2_ConfigInputStage
                        0x08002a6f   0x24  Code  Lc  stm32f4xx_hal_tim.o [1]
UsageFault_Handler      0x08003479    0x2  Code  Gb  stm32f4xx_it.o [1]
_Close_all              0x08003739   0x58  Code  Gb  xcloseall.o [3]
_EncodingSb_Mbtowc      0x08001eff   0x30  Code  Gb  xencoding_sb.o [3]
_EncodingSb_Wctomb      0x08001ee5   0x1a  Code  Gb  xencoding_sb.o [3]
_Files                  0x200000c4   0x20  Data  Gb  xfiles.o [3]
_Fofree                 0x08003611   0x78  Code  Gb  xfofind.o [3]
_Fspos                  0x0800319d   0xd6  Code  Gb  xfspos.o [3]
_Fwprep                 0x08003539   0xb6  Code  Gb  xfwprep.o [3]
_GenldFull              0x0800107f  0x24c  Code  Lc  xprintffull.o [3]
_IsdstStr               0x20000178    0x4  Data  Gb  setlocale.o [3]
_LdtobFull              0x08000c7d  0x3fc  Code  Lc  xprintffull.o [3]
_LitobFull              0x08000b75  0x106  Code  Lc  xprintffull.o [3]
_LocaleEncoding         0x08001ed1    0xe  Code  Gb  setlocale.o [3]
_LocaleReturnString     0x20000198   0x50  Data  Lc  setlocale.o [3]
_Locale_Profile         0x2000017c   0x1c  Data  Gb  setlocale.o [3]
_Locale_aeabi_lconv     0x2000013c   0x38  Data  Gb  localeconv.o [3]
_Locale_lconv           0x200000ec   0x50  Data  Gb  localeconv.o [3]
_Mbtowc                 0x08001313   0x20  Code  Gb  xmbtowc.o [3]
_Nnl                    0x08003325    0xa  Code  Gb  xfgpos.o [3]
_PrintfFull             0x080001ad  0x638  Code  Gb  xprintffull.o [3]
_Prout                  0x08003965   0x16  Code  Gb  xprout.o [3]
_PutcharsFull           0x080012cb   0x2e  Code  Lc  xprintffull.o [3]
_PutstrFull             0x08000869  0x306  Code  Lc  xprintffull.o [3]
_TzoneStr               0x20000174    0x4  Data  Gb  setlocale.o [3]
_Wctomb                 0x08001499   0x1a  Code  Gb  xwctomb.o [3]
__aeabi_cdcmple         0x080016dd         Code  Gb  DblCmpLe.o [4]
__aeabi_cdrcmple        0x0800170d         Code  Gb  DblCmpGe.o [4]
__aeabi_d2iz            0x08001851         Code  Gb  DblToI32.o [4]
__aeabi_d2uiz           0x0800187d         Code  Gb  DblToI32.o [4]
__aeabi_ddiv            0x08001bfd         Code  Gb  DblDiv.o [4]
__aeabi_dmul            0x08001a59         Code  Gb  DblMul.o [4]
__aeabi_dsub            0x080018d9         Code  Gb  DblSub.o [4]
__aeabi_errno_addr      0x0800337d    0x6  Code  Gb  errno.o [3]
__aeabi_i2d             0x080018a9         Code  Gb  I32ToDbl.o [4]
__aeabi_ldiv0           0x08001f71         Code  Gb  I64DivZer.o [5]
__aeabi_ui2d            0x080018bd         Code  Gb  I32ToDbl.o [4]
__aeabi_uldivmod        0x080015ad         Code  Gb  I64DivMod.o [5]
__cexit_closeall        0x08003943         Code  Gb  cexit.o [5]
__close                 0x08003707   0x1a  Code  Gb  close.o [6]
__cmain                 0x0800391d         Code  Gb  cmain.o [5]
__cstart_closeall       0x08003af8         Data  Gb  cstart_closeall.o [5]
__data_Aldata           0x20000a00    0x8  Data  Gb  xxmemxmalloc.o [3]
__data_GetMemChunk      0x08001f45   0x2c  Code  Gb  xgetmemchunk.o [3]
__dwrite                0x0800339d   0x1e  Code  Gb  dwrite.o [6]
__exit                  0x08003951   0x14  Code  Gb  exit.o [6]
__iar_Dnorm             0x0800169b   0x42  Code  Gb  xdnorm.o [4]
__iar_Dscale            0x0800173d  0x114  Code  Gb  xdscale.o [4]
__iar_Errno             0x200001e8    0x4  Data  Gb  errno.o [3]
__iar_Locale_lconv_init
                        0x08001e55   0x3a  Code  Gb  localeconv.o [3]
__iar_Lockfilelock      0x08003389    0x2  Code  Gb  xsyslock_nop.o [3]
__iar_Mbcurmax          0x080013dd    0xa  Code  Gb  xmbcurmax.o [3]
__iar_Memchr            0x08001385         Code  Gb  memchr.o [5]
__iar_Stderr            0x20000084   0x40  Data  Gb  xfiles.o [3]
__iar_Stdin             0x20000004   0x40  Data  Gb  xfiles.o [3]
__iar_Stdout            0x20000044   0x40  Data  Gb  xfiles.o [3]
__iar_Strchr            0x08001335         Code  Gb  strchr.o [5]
__iar_Unlockfilelock    0x0800338b    0x2  Code  Gb  xsyslock_nop.o [3]
__iar_close_ttio        0x080033fd   0x2e  Code  Gb  iarttio.o [6]
__iar_d2uiz             0x08001889         Code  Gb  DblToI32.o [4]
__iar_dadd              0x08001f75         Code  Gb  DblAdd.o [4]
__iar_data_init3        0x080038b1   0x28  Code  Gb  data_init.o [5]
__iar_dlib_perthread_access
                        0x08002049    0x2  Code  Gb  xtls.o [3]
__iar_dsub              0x080018ed         Code  Gb  DblSub.o [4]
__iar_dsubStart         0x080018ff         Code  Gb  DblSub.o [4]
__iar_get_ttio          0x0800342d   0x38  Code  Gb  iarttio.o [6]
__iar_init_vfp          0x080038d9         Code  Gb  fpinit_M.o [4]
__iar_lookup_ttioh      0x08003469    0x8  Code  Gb  XShttio.o [3]
__iar_packbits_init_single3
                        0x08003879   0x38  Code  Gb  packbits_init_single.o [5]
__iar_program_start     0x08003999         Code  Gb  cstartup_M.o [5]
__iar_sh_Discard        0x080030bd   0x44  Code  Gb  XShHandles.o [3]
__iar_sh_Move           0x08003107   0x4c  Code  Gb  XShHandles.o [3]
__iar_sh_Pos            0x08003153   0x44  Code  Gb  XShHandles.o [3]
__iar_sh_stdout         0x080033bb   0x20  Code  Gb  iarwstd.o [6]
__iar_sh_write          0x080033db   0x22  Code  Gb  iarwrite.o [6]
__iar_ttio_handles      0x200000e4    0x8  Data  Lc  XShttio.o [3]
__iar_ui2d              0x080018c1         Code  Gb  I32ToDbl.o [4]
__iar_unaligned___aeabi_memcpy
                        0x080014b5         Code  Gb  ABImemcpy_unaligned.o [5]
__iar_unaligned___aeabi_memcpy4
                        0x080014d5         Code  Gb  ABImemcpy_unaligned.o [5]
__iar_unaligned___aeabi_memcpy8
                        0x080014d5         Code  Gb  ABImemcpy_unaligned.o [5]
__iar_zero_init3        0x08003839   0x40  Code  Gb  zero_init3.o [5]
__low_level_init        0x08003937    0x4  Code  Gb  low_level_init.o [3]
__lseek                 0x0800332f   0x4c  Code  Gb  lseek.o [6]
__vector_table          0x08000000         Data  Gb  startup_stm32f429xx.o [1]
__write                 0x0800338d   0x10  Code  Gb  write.o [6]
_call_main              0x08003929         Code  Gb  cmain.o [5]
_exit                   0x08003941         Code  Gb  cexit.o [5]
_main                   0x08003933         Code  Gb  cmain.o [5]
div                     0x08001ec1    0xe  Code  Gb  div.o [3]
ebuf                    0x20000960   0x50  Data  Lc  xfiles.o [3]
exit                    0x0800393b    0x4  Code  Gb  exit.o [3]
fclose                  0x0800368d   0x7a  Code  Gb  fclose.o [3]
fflush                  0x080032eb   0x34  Code  Gb  fflush.o [3]
fflushOne               0x08003275   0x76  Code  Lc  fflush.o [3]
fputc                   0x08003791   0x56  Code  Gb  fputc.o [3]
free                    0x0800152d   0x7a  Code  Gb  xxmemxfree.o [3]
fseek                   0x080035ef   0x22  Code  Gb  fseek.o [3]
htim1                   0x200007f0   0x3c  Data  Gb  main.o [1]
htim2                   0x2000082c   0x3c  Data  Gb  main.o [1]
htim3                   0x20000868   0x3c  Data  Gb  main.o [1]
htim4                   0x200008a4   0x3c  Data  Gb  main.o [1]
localeconv              0x08001e8f   0x16  Code  Gb  localeconv.o [3]
main                    0x08002b09  0x122  Code  Gb  main.o [1]
malloc                  0x080013e9   0xac  Code  Gb  xxmemxmalloc.o [3]
memchr                  0x08001385         Code  Gb  memchr.o [5]
obuf                    0x200009b0   0x50  Data  Lc  xfiles.o [3]
printf                  0x08002df5   0x24  Code  Gb  printf.o [3]
putchar                 0x0800397d    0xc  Code  Gb  putchar.o [3]
remove                  0x08003721   0x16  Code  Gb  remove.o [6]
sFileInfo               0x200008e0   0x80  Data  Lc  XShHandles.o [3]
strchr                  0x08001335         Code  Gb  strchr.o [5]
strlen                  0x0800134d         Code  Gb  strlen.o [5]
time                    0x20000a0c    0x4  Data  Gb  stm32f4xx_it.o [1]
uwTick                  0x20000a08    0x4  Data  Gb  stm32f4xx_hal.o [1]


[1] = C:\stm_projects\disco_tim2\EWARM\disco_tim2\Obj
[2] = command line
[3] = dl7M_tlf.a
[4] = m7M_tls.a
[5] = rt7M_tl.a
[6] = shb_l.a

  15 062 bytes of readonly  code memory
     172 bytes of readonly  data memory
   2 576 bytes of readwrite data memory

Errors: none
Warnings: none
